QA output created by 034
using backend plain store
b26a14b4868dff70944564c6cb446e28  -
b26a14b4868dff70944564c6cb446e28  -
b26a14b4868dff70944564c6cb446e28  -
b26a14b4868dff70944564c6cb446e28  -
b26a14b4868dff70944564c6cb446e28  -
b26a14b4868dff70944564c6cb446e28  -
b26a14b4868dff70944564c6cb446e28  -
b26a14b4868dff70944564c6cb446e28  -
b26a14b4868dff70944564c6cb446e28  -
b26a14b4868dff70944564c6cb446e28  -
b26a14b4868dff70944564c6cb446e28  -
b26a14b4868dff70944564c6cb446e28  -
b26a14b4868dff70944564c6cb446e28  -
b26a14b4868dff70944564c6cb446e28  -
b26a14b4868dff70944564c6cb446e28  -
b26a14b4868dff70944564c6cb446e28  -
b26a14b4868dff70944564c6cb446e28  -
