QA output created by 041
using backend plain store
  Name        Id    Size    Used  Shared    Creation time   VDI id  Copies  Tag
s test         1   12 MB  4.0 MB  0.0 MB DATE   7c2b25     6         snap1
s test         2   12 MB  4.0 MB  4.0 MB DATE   7c2b26     6         snap2
s test         3   12 MB  4.0 MB  4.0 MB DATE   7c2b27     6         snap3
  test         0   12 MB  0.0 MB  8.0 MB DATE   7c2b28     6              
test---[DATE]---[DATE]---[DATE]---(you are here)
b6338c1861851820f8d289c3b4e6443c  -
1885611ba75e996f619e8eaf136366e6  -
d210baf5c55b42b5e0edf04a8535ad6d  -
  Name        Id    Size    Used  Shared    Creation time   VDI id  Copies  Tag
s test         1   12 MB  4.0 MB  0.0 MB DATE   7c2b25     6         snap1
s test         2   12 MB  4.0 MB  4.0 MB DATE   7c2b26     6         snap2
s test         3   12 MB  4.0 MB  4.0 MB DATE   7c2b27     6         snap3
s test         4   12 MB  4.0 MB  4.0 MB DATE   7c2b28     6              
  test         0   12 MB  0.0 MB  8.0 MB DATE   7c2b29     6              
test---[DATE]-+-[DATE]---[DATE]---(you are here)
                          `-[DATE]
  Name        Id    Size    Used  Shared    Creation time   VDI id  Copies  Tag
s test         1   12 MB  4.0 MB  0.0 MB DATE   7c2b25     6         snap1
s test         2   12 MB  4.0 MB  4.0 MB DATE   7c2b26     6         snap2
s test         3   12 MB  4.0 MB  4.0 MB DATE   7c2b27     6         snap3
s test         4   12 MB  4.0 MB  4.0 MB DATE   7c2b28     6              
s test         5   12 MB  4.0 MB  4.0 MB DATE   7c2b29     6              
  test         0   12 MB  0.0 MB  8.0 MB DATE   7c2b2a     6              
test---[DATE]-+-[DATE]---[DATE]---(you are here)
                          `-[DATE]---[DATE]
  Name        Id    Size    Used  Shared    Creation time   VDI id  Copies  Tag
s test         1   12 MB  4.0 MB  0.0 MB DATE   7c2b25     6         snap1
s test         2   12 MB  4.0 MB  4.0 MB DATE   7c2b26     6         snap2
s test         3   12 MB  4.0 MB  4.0 MB DATE   7c2b27     6         snap3
s test         4   12 MB  4.0 MB  4.0 MB DATE   7c2b28     6              
s test         5   12 MB  4.0 MB  4.0 MB DATE   7c2b29     6              
s test         6   12 MB  8.0 MB  0.0 MB DATE   7c2b2a     6              
  test         0   12 MB  0.0 MB  8.0 MB DATE   7c2b2b     6              
test---[DATE]-+-[DATE]---[DATE]---(you are here)
                          |-[DATE]---[DATE]
                          `-[DATE]
  Name        Id    Size    Used  Shared    Creation time   VDI id  Copies  Tag
s test         1   12 MB  4.0 MB  0.0 MB DATE   7c2b25     6         snap1
s test         2   12 MB  4.0 MB  4.0 MB DATE   7c2b26     6         snap2
s test         3   12 MB  4.0 MB  4.0 MB DATE   7c2b27     6         snap3
s test         4   12 MB  4.0 MB  4.0 MB DATE   7c2b28     6              
s test         5   12 MB  4.0 MB  4.0 MB DATE   7c2b29     6              
s test         6   12 MB  8.0 MB  0.0 MB DATE   7c2b2a     6              
s test         7   12 MB  4.0 MB  4.0 MB DATE   7c2b2b     6              
  test         0   12 MB  0.0 MB  8.0 MB DATE   7c2b2c     6              
test---[DATE]-+-[DATE]-+-[DATE]---(you are here)
                          |                    `-[DATE]
                          |-[DATE]---[DATE]
                          `-[DATE]
d210baf5c55b42b5e0edf04a8535ad6d  -
b6338c1861851820f8d289c3b4e6443c  -
1885611ba75e996f619e8eaf136366e6  -
d210baf5c55b42b5e0edf04a8535ad6d  -
1885611ba75e996f619e8eaf136366e6  -
d210baf5c55b42b5e0edf04a8535ad6d  -
d210baf5c55b42b5e0edf04a8535ad6d  -
d210baf5c55b42b5e0edf04a8535ad6d  -
