QA output created by 043
using backend plain store
e6fffdc037c9f623d1c03fda7ef9cabf  -
Cluster status: running, auto-recovery enabled

Cluster created at DATE

Epoch Time           Version
DATE      1 [127.0.0.1:7000, 127.0.0.1:7001, 127.0.0.1:7002, 127.0.0.1:7003, 127.0.0.1:7004, 127.0.0.1:7005, 127.0.0.1:7006, 127.0.0.1:7007, 127.0.0.1:7008, 127.0.0.1:7009]
e6fffdc037c9f623d1c03fda7ef9cabf  -
Cluster status: running, auto-recovery enabled

Cluster created at DATE

Epoch Time           Version
DATE      1 [127.0.0.1:7000, 127.0.0.1:7001, 127.0.0.1:7002, 127.0.0.1:7003, 127.0.0.1:7004, 127.0.0.1:7005, 127.0.0.1:7006, 127.0.0.1:7007, 127.0.0.1:7008, 127.0.0.1:7009]
e6fffdc037c9f623d1c03fda7ef9cabf  -
Cluster status: running, auto-recovery enabled

Cluster created at DATE

Epoch Time           Version
DATE      1 [127.0.0.1:7000, 127.0.0.1:7001, 127.0.0.1:7002, 127.0.0.1:7003, 127.0.0.1:7004, 127.0.0.1:7005, 127.0.0.1:7006, 127.0.0.1:7007, 127.0.0.1:7008, 127.0.0.1:7009]
e6fffdc037c9f623d1c03fda7ef9cabf  -
Cluster status: running, auto-recovery enabled

Cluster created at DATE

Epoch Time           Version
DATE      1 [127.0.0.1:7000, 127.0.0.1:7001, 127.0.0.1:7002, 127.0.0.1:7003, 127.0.0.1:7004, 127.0.0.1:7005, 127.0.0.1:7006, 127.0.0.1:7007, 127.0.0.1:7008, 127.0.0.1:7009]
e6fffdc037c9f623d1c03fda7ef9cabf  -
Cluster status: running, auto-recovery enabled

Cluster created at DATE

Epoch Time           Version
DATE      1 [127.0.0.1:7000, 127.0.0.1:7001, 127.0.0.1:7002, 127.0.0.1:7003, 127.0.0.1:7004, 127.0.0.1:7005, 127.0.0.1:7006, 127.0.0.1:7007, 127.0.0.1:7008, 127.0.0.1:7009]
c2f72711cc1e4781841aa416f0b43e0d  -
Cluster status: running, auto-recovery enabled

Cluster created at DATE

Epoch Time           Version
DATE      2 [127.0.0.1:7000, 127.0.0.1:7001, 127.0.0.1:7002, 127.0.0.1:7003, 127.0.0.1:7005, 127.0.0.1:7006, 127.0.0.1:7007, 127.0.0.1:7008, 127.0.0.1:7009]
DATE      1 [127.0.0.1:7000, 127.0.0.1:7001, 127.0.0.1:7002, 127.0.0.1:7003, 127.0.0.1:7004, 127.0.0.1:7005, 127.0.0.1:7006, 127.0.0.1:7007, 127.0.0.1:7008, 127.0.0.1:7009]
c2f72711cc1e4781841aa416f0b43e0d  -
Cluster status: running, auto-recovery enabled

Cluster created at DATE

Epoch Time           Version
DATE      2 [127.0.0.1:7000, 127.0.0.1:7001, 127.0.0.1:7002, 127.0.0.1:7003, 127.0.0.1:7005, 127.0.0.1:7006, 127.0.0.1:7007, 127.0.0.1:7008, 127.0.0.1:7009]
DATE      1 [127.0.0.1:7000, 127.0.0.1:7001, 127.0.0.1:7002, 127.0.0.1:7003, 127.0.0.1:7004, 127.0.0.1:7005, 127.0.0.1:7006, 127.0.0.1:7007, 127.0.0.1:7008, 127.0.0.1:7009]
c2f72711cc1e4781841aa416f0b43e0d  -
Cluster status: running, auto-recovery enabled

Cluster created at DATE

Epoch Time           Version
DATE      2 [127.0.0.1:7000, 127.0.0.1:7001, 127.0.0.1:7002, 127.0.0.1:7003, 127.0.0.1:7005, 127.0.0.1:7006, 127.0.0.1:7007, 127.0.0.1:7008, 127.0.0.1:7009]
DATE      1 [127.0.0.1:7000, 127.0.0.1:7001, 127.0.0.1:7002, 127.0.0.1:7003, 127.0.0.1:7004, 127.0.0.1:7005, 127.0.0.1:7006, 127.0.0.1:7007, 127.0.0.1:7008, 127.0.0.1:7009]
c2f72711cc1e4781841aa416f0b43e0d  -
Cluster status: running, auto-recovery enabled

Cluster created at DATE

Epoch Time           Version
DATE      2 [127.0.0.1:7000, 127.0.0.1:7001, 127.0.0.1:7002, 127.0.0.1:7003, 127.0.0.1:7005, 127.0.0.1:7006, 127.0.0.1:7007, 127.0.0.1:7008, 127.0.0.1:7009]
DATE      1 [127.0.0.1:7000, 127.0.0.1:7001, 127.0.0.1:7002, 127.0.0.1:7003, 127.0.0.1:7004, 127.0.0.1:7005, 127.0.0.1:7006, 127.0.0.1:7007, 127.0.0.1:7008, 127.0.0.1:7009]
c2f72711cc1e4781841aa416f0b43e0d  -
Cluster status: running, auto-recovery enabled

Cluster created at DATE

Epoch Time           Version
DATE      2 [127.0.0.1:7000, 127.0.0.1:7001, 127.0.0.1:7002, 127.0.0.1:7003, 127.0.0.1:7005, 127.0.0.1:7006, 127.0.0.1:7007, 127.0.0.1:7008, 127.0.0.1:7009]
DATE      1 [127.0.0.1:7000, 127.0.0.1:7001, 127.0.0.1:7002, 127.0.0.1:7003, 127.0.0.1:7004, 127.0.0.1:7005, 127.0.0.1:7006, 127.0.0.1:7007, 127.0.0.1:7008, 127.0.0.1:7009]
99970159bd855e83ced168eca46ae6c5  -
Cluster status: running, auto-recovery enabled

Cluster created at DATE

Epoch Time           Version
DATE      3 [127.0.0.1:7000, 127.0.0.1:7001, 127.0.0.1:7002, 127.0.0.1:7005, 127.0.0.1:7006, 127.0.0.1:7007, 127.0.0.1:7008, 127.0.0.1:7009]
DATE      2 [127.0.0.1:7000, 127.0.0.1:7001, 127.0.0.1:7002, 127.0.0.1:7003, 127.0.0.1:7005, 127.0.0.1:7006, 127.0.0.1:7007, 127.0.0.1:7008, 127.0.0.1:7009]
DATE      1 [127.0.0.1:7000, 127.0.0.1:7001, 127.0.0.1:7002, 127.0.0.1:7003, 127.0.0.1:7004, 127.0.0.1:7005, 127.0.0.1:7006, 127.0.0.1:7007, 127.0.0.1:7008, 127.0.0.1:7009]
99970159bd855e83ced168eca46ae6c5  -
Cluster status: running, auto-recovery enabled

Cluster created at DATE

Epoch Time           Version
DATE      3 [127.0.0.1:7000, 127.0.0.1:7001, 127.0.0.1:7002, 127.0.0.1:7005, 127.0.0.1:7006, 127.0.0.1:7007, 127.0.0.1:7008, 127.0.0.1:7009]
DATE      2 [127.0.0.1:7000, 127.0.0.1:7001, 127.0.0.1:7002, 127.0.0.1:7003, 127.0.0.1:7005, 127.0.0.1:7006, 127.0.0.1:7007, 127.0.0.1:7008, 127.0.0.1:7009]
DATE      1 [127.0.0.1:7000, 127.0.0.1:7001, 127.0.0.1:7002, 127.0.0.1:7003, 127.0.0.1:7004, 127.0.0.1:7005, 127.0.0.1:7006, 127.0.0.1:7007, 127.0.0.1:7008, 127.0.0.1:7009]
99970159bd855e83ced168eca46ae6c5  -
Cluster status: running, auto-recovery enabled

Cluster created at DATE

Epoch Time           Version
DATE      3 [127.0.0.1:7000, 127.0.0.1:7001, 127.0.0.1:7002, 127.0.0.1:7005, 127.0.0.1:7006, 127.0.0.1:7007, 127.0.0.1:7008, 127.0.0.1:7009]
DATE      2 [127.0.0.1:7000, 127.0.0.1:7001, 127.0.0.1:7002, 127.0.0.1:7003, 127.0.0.1:7005, 127.0.0.1:7006, 127.0.0.1:7007, 127.0.0.1:7008, 127.0.0.1:7009]
DATE      1 [127.0.0.1:7000, 127.0.0.1:7001, 127.0.0.1:7002, 127.0.0.1:7003, 127.0.0.1:7004, 127.0.0.1:7005, 127.0.0.1:7006, 127.0.0.1:7007, 127.0.0.1:7008, 127.0.0.1:7009]
99970159bd855e83ced168eca46ae6c5  -
Cluster status: running, auto-recovery enabled

Cluster created at DATE

Epoch Time           Version
DATE      3 [127.0.0.1:7000, 127.0.0.1:7001, 127.0.0.1:7002, 127.0.0.1:7005, 127.0.0.1:7006, 127.0.0.1:7007, 127.0.0.1:7008, 127.0.0.1:7009]
DATE      2 [127.0.0.1:7000, 127.0.0.1:7001, 127.0.0.1:7002, 127.0.0.1:7003, 127.0.0.1:7005, 127.0.0.1:7006, 127.0.0.1:7007, 127.0.0.1:7008, 127.0.0.1:7009]
DATE      1 [127.0.0.1:7000, 127.0.0.1:7001, 127.0.0.1:7002, 127.0.0.1:7003, 127.0.0.1:7004, 127.0.0.1:7005, 127.0.0.1:7006, 127.0.0.1:7007, 127.0.0.1:7008, 127.0.0.1:7009]
  Name        Id    Size    Used  Shared    Creation time   VDI id  Copies  Tag
  test         0   40 MB   40 MB  0.0 MB DATE   7c2b25     6              
  test2        0   20 MB  0.0 MB  0.0 MB DATE   fd3815     6              
  Name        Id    Size    Used  Shared    Creation time   VDI id  Copies  Tag
  test         0   40 MB   40 MB  0.0 MB DATE   7c2b25     6              
  test2        0   20 MB  0.0 MB  0.0 MB DATE   fd3815     6              
  Name        Id    Size    Used  Shared    Creation time   VDI id  Copies  Tag
  test         0   40 MB   40 MB  0.0 MB DATE   7c2b25     6              
  test2        0   20 MB  0.0 MB  0.0 MB DATE   fd3815     6              
  Name        Id    Size    Used  Shared    Creation time   VDI id  Copies  Tag
  test         0   40 MB   40 MB  0.0 MB DATE   7c2b25     6              
  test2        0   20 MB  0.0 MB  0.0 MB DATE   fd3815     6              
