QA output created by 060
using backend plain store
fb3833490ceb868a81ab0ba8bda8fdda  -
fee603199c05d11ae60851eb95bbc5fb  -
10040f8a44618b0764c5a73a12f58772  -
7357bb73af7ab89d0083925863810ee3  -
  Name        Id    Size    Used  Shared    Creation time   VDI id  Copies  Tag
  test1        0  100 MB  100 MB  0.0 MB DATE   fd32fc     6              
  test0        0  100 MB  100 MB  0.0 MB DATE   fd34af     6              
  test3        0  100 MB  100 MB  0.0 MB DATE   fd3662     6              
  test2        0  100 MB  100 MB  0.0 MB DATE   fd3815     6              
fb3833490ceb868a81ab0ba8bda8fdda  -
fee603199c05d11ae60851eb95bbc5fb  -
10040f8a44618b0764c5a73a12f58772  -
7357bb73af7ab89d0083925863810ee3  -
  Name        Id    Size    Used  Shared    Creation time   VDI id  Copies  Tag
  test1        0  100 MB  100 MB  0.0 MB DATE   fd32fc     6              
  test0        0  100 MB  100 MB  0.0 MB DATE   fd34af     6              
  test3        0  100 MB  100 MB  0.0 MB DATE   fd3662     6              
  test2        0  100 MB  100 MB  0.0 MB DATE   fd3815     6              
fb3833490ceb868a81ab0ba8bda8fdda  -
fee603199c05d11ae60851eb95bbc5fb  -
10040f8a44618b0764c5a73a12f58772  -
7357bb73af7ab89d0083925863810ee3  -
  Name        Id    Size    Used  Shared    Creation time   VDI id  Copies  Tag
  test1        0  100 MB  100 MB  0.0 MB DATE   fd32fc     6              
  test0        0  100 MB  100 MB  0.0 MB DATE   fd34af     6              
  test3        0  100 MB  100 MB  0.0 MB DATE   fd3662     6              
  test2        0  100 MB  100 MB  0.0 MB DATE   fd3815     6              
fb3833490ceb868a81ab0ba8bda8fdda  -
fee603199c05d11ae60851eb95bbc5fb  -
10040f8a44618b0764c5a73a12f58772  -
7357bb73af7ab89d0083925863810ee3  -
  Name        Id    Size    Used  Shared    Creation time   VDI id  Copies  Tag
  test1        0  100 MB  100 MB  0.0 MB DATE   fd32fc     6              
  test0        0  100 MB  100 MB  0.0 MB DATE   fd34af     6              
  test3        0  100 MB  100 MB  0.0 MB DATE   fd3662     6              
  test2        0  100 MB  100 MB  0.0 MB DATE   fd3815     6              
fb3833490ceb868a81ab0ba8bda8fdda  -
fee603199c05d11ae60851eb95bbc5fb  -
10040f8a44618b0764c5a73a12f58772  -
7357bb73af7ab89d0083925863810ee3  -
  Name        Id    Size    Used  Shared    Creation time   VDI id  Copies  Tag
  test1        0  100 MB  100 MB  0.0 MB DATE   fd32fc     6              
  test0        0  100 MB  100 MB  0.0 MB DATE   fd34af     6              
  test3        0  100 MB  100 MB  0.0 MB DATE   fd3662     6              
  test2        0  100 MB  100 MB  0.0 MB DATE   fd3815     6              
fb3833490ceb868a81ab0ba8bda8fdda  -
fee603199c05d11ae60851eb95bbc5fb  -
10040f8a44618b0764c5a73a12f58772  -
7357bb73af7ab89d0083925863810ee3  -
  Name        Id    Size    Used  Shared    Creation time   VDI id  Copies  Tag
  test1        0  100 MB  100 MB  0.0 MB DATE   fd32fc     6              
  test0        0  100 MB  100 MB  0.0 MB DATE   fd34af     6              
  test3        0  100 MB  100 MB  0.0 MB DATE   fd3662     6              
  test2        0  100 MB  100 MB  0.0 MB DATE   fd3815     6              
fb3833490ceb868a81ab0ba8bda8fdda  -
fee603199c05d11ae60851eb95bbc5fb  -
10040f8a44618b0764c5a73a12f58772  -
7357bb73af7ab89d0083925863810ee3  -
  Name        Id    Size    Used  Shared    Creation time   VDI id  Copies  Tag
  test1        0  100 MB  100 MB  0.0 MB DATE   fd32fc     6              
  test0        0  100 MB  100 MB  0.0 MB DATE   fd34af     6              
  test3        0  100 MB  100 MB  0.0 MB DATE   fd3662     6              
  test2        0  100 MB  100 MB  0.0 MB DATE   fd3815     6              
fb3833490ceb868a81ab0ba8bda8fdda  -
fee603199c05d11ae60851eb95bbc5fb  -
10040f8a44618b0764c5a73a12f58772  -
7357bb73af7ab89d0083925863810ee3  -
  Name        Id    Size    Used  Shared    Creation time   VDI id  Copies  Tag
  test1        0  100 MB  100 MB  0.0 MB DATE   fd32fc     6              
  test0        0  100 MB  100 MB  0.0 MB DATE   fd34af     6              
  test3        0  100 MB  100 MB  0.0 MB DATE   fd3662     6              
  test2        0  100 MB  100 MB  0.0 MB DATE   fd3815     6              
fb3833490ceb868a81ab0ba8bda8fdda  -
fee603199c05d11ae60851eb95bbc5fb  -
10040f8a44618b0764c5a73a12f58772  -
7357bb73af7ab89d0083925863810ee3  -
