QA output created by 062
using backend plain store
= test 0 4095 0 0 MASKED 7c2b25 6
hello
world
h!!!
h^^!
xxx
h^^!
world
erxxxxxxcode
